WARNING: edge540: The launcher icon (363x597) isn't compatible with the specified launcher icon size of the device 'edge540' (35x35). The image will be scaled to the target size.
WARNING: edge540: D:\Learning\Garmin\DataScreen\PureDataScreen\PureDataScreen\source\FieldController.mc:73,16: Cannot determine if container access is using container type.
WARNING: edge540: D:\Learning\Garmin\DataScreen\PureDataScreen\PureDataScreen\source\FieldController.mc:74,16: Cannot determine if container access is using container type.
WARNING: edge540: D:\Learning\Garmin\DataScreen\PureDataScreen\PureDataScreen\source\FieldController.mc:75,16: Cannot determine if container access is using container type.
WARNING: edge540: D:\Learning\Garmin\DataScreen\PureDataScreen\PureDataScreen\source\FieldController.mc:76,16: Cannot determine if container access is using container type.
WARNING: edge540: D:\Learning\Garmin\DataScreen\PureDataScreen\PureDataScreen\source\FieldController.mc:91,16: Cannot determine if container access is using container type.
WARNING: edge540: D:\Learning\Garmin\DataScreen\PureDataScreen\PureDataScreen\source\FieldController.mc:108,12: Cannot determine if container access is using container type.
WARNING: edge540: D:\Learning\Garmin\DataScreen\PureDataScreen\PureDataScreen\source\FieldController.mc:113,12: Cannot determine if container access is using container type.
WARNING: edge540: D:\Learning\Garmin\DataScreen\PureDataScreen\PureDataScreen\source\FieldController.mc:124,12: Cannot determine if container access is using container type.
WARNING: edge540: D:\Learning\Garmin\DataScreen\PureDataScreen\PureDataScreen\source\FieldController.mc:151,8: Cannot determine if container access is using container type.
WARNING: edge540: D:\Learning\Garmin\DataScreen\PureDataScreen\PureDataScreen\source\FieldController.mc:186,12: Cannot determine if container access is using container type.
WARNING: edge540: D:\Learning\Garmin\DataScreen\PureDataScreen\PureDataScreen\source\Fields\AverageHeartRateField.mc:5: Class 'AverageHeartRateField' does not initialize its super class 'BaseField'.
WARNING: edge540: D:\Learning\Garmin\DataScreen\PureDataScreen\PureDataScreen\source\Fields\AveragePowerField.mc:7: Class 'AveragePowerField' does not initialize its super class 'BaseField'.
WARNING: edge540: D:\Learning\Garmin\DataScreen\PureDataScreen\PureDataScreen\source\Fields\AverageSpeedField.mc:5: Class 'AverageSpeedField' does not initialize its super class 'BaseField'.
WARNING: edge540: D:\Learning\Garmin\DataScreen\PureDataScreen\PureDataScreen\source\Fields\BatteryField.mc:7: Class 'BatteryField' does not initialize its super class 'BaseField'.
WARNING: edge540: D:\Learning\Garmin\DataScreen\PureDataScreen\PureDataScreen\source\Fields\BikeRadarField.mc:7: Class 'BikeRadarField' does not initialize its super class 'BaseField'.
WARNING: edge540: D:\Learning\Garmin\DataScreen\PureDataScreen\PureDataScreen\source\Fields\CadenceField.mc:5: Class 'CadenceField' does not initialize its super class 'BaseField'.
WARNING: edge540: D:\Learning\Garmin\DataScreen\PureDataScreen\PureDataScreen\source\Fields\CaloriesField.mc:5: Class 'CaloriesField' does not initialize its super class 'BaseField'.
WARNING: edge540: D:\Learning\Garmin\DataScreen\PureDataScreen\PureDataScreen\source\Fields\ClockField.mc:5: Class 'ClockField' does not initialize its super class 'BaseField'.
WARNING: edge540: D:\Learning\Garmin\DataScreen\PureDataScreen\PureDataScreen\source\Fields\DistanceField.mc:5: Class 'DistanceField' does not initialize its super class 'BaseField'.
WARNING: edge540: D:\Learning\Garmin\DataScreen\PureDataScreen\PureDataScreen\source\Fields\GearSizeField.mc:5: Class 'GearsSizeField' does not initialize its super class 'BaseField'.
WARNING: edge540: D:\Learning\Garmin\DataScreen\PureDataScreen\PureDataScreen\source\Fields\GearsIndexField.mc:5: Class 'GearsIndexField' does not initialize its super class 'BaseField'.
WARNING: edge540: D:\Learning\Garmin\DataScreen\PureDataScreen\PureDataScreen\source\Fields\GradeField.mc:5: Class 'GradeField' does not initialize its super class 'BaseField'.
WARNING: edge540: D:\Learning\Garmin\DataScreen\PureDataScreen\PureDataScreen\source\Fields\HeartRateField.mc:7: Class 'HeartRateField' does not initialize its super class 'BaseField'.
WARNING: edge540: D:\Learning\Garmin\DataScreen\PureDataScreen\PureDataScreen\source\Fields\HeartRateField.mc:59,8: Cannot determine if container access is using container type.
WARNING: edge540: D:\Learning\Garmin\DataScreen\PureDataScreen\PureDataScreen\source\Fields\HeartRateField.mc:61,15: Cannot determine if container access is using container type.
WARNING: edge540: D:\Learning\Garmin\DataScreen\PureDataScreen\PureDataScreen\source\Fields\HeartRateField.mc:63,15: Cannot determine if container access is using container type.
WARNING: edge540: D:\Learning\Garmin\DataScreen\PureDataScreen\PureDataScreen\source\Fields\HeartRateField.mc:65,15: Cannot determine if container access is using container type.
WARNING: edge540: D:\Learning\Garmin\DataScreen\PureDataScreen\PureDataScreen\source\Fields\HeartRateField.mc:67,15: Cannot determine if container access is using container type.
WARNING: edge540: D:\Learning\Garmin\DataScreen\PureDataScreen\PureDataScreen\source\Fields\NavigationField.mc:5: Class 'NavigationField' does not initialize its super class 'BaseField'.
WARNING: edge540: D:\Learning\Garmin\DataScreen\PureDataScreen\PureDataScreen\source\Fields\PowerField.mc:7: Class 'PowerField' does not initialize its super class 'BaseField'.
WARNING: edge540: D:\Learning\Garmin\DataScreen\PureDataScreen\PureDataScreen\source\Fields\PowerField.mc:58,8: Cannot determine if container access is using container type.
WARNING: edge540: D:\Learning\Garmin\DataScreen\PureDataScreen\PureDataScreen\source\Fields\PowerField.mc:60,15: Cannot determine if container access is using container type.
WARNING: edge540: D:\Learning\Garmin\DataScreen\PureDataScreen\PureDataScreen\source\Fields\PowerField.mc:62,15: Cannot determine if container access is using container type.
WARNING: edge540: D:\Learning\Garmin\DataScreen\PureDataScreen\PureDataScreen\source\Fields\PowerField.mc:64,15: Cannot determine if container access is using container type.
WARNING: edge540: D:\Learning\Garmin\DataScreen\PureDataScreen\PureDataScreen\source\Fields\PowerField.mc:66,15: Cannot determine if container access is using container type.
WARNING: edge540: D:\Learning\Garmin\DataScreen\PureDataScreen\PureDataScreen\source\Fields\SpeedField.mc:7: Class 'SpeedField' does not initialize its super class 'BaseField'.
WARNING: edge540: D:\Learning\Garmin\DataScreen\PureDataScreen\PureDataScreen\source\Fields\StaminaField.mc:20: Class 'StaminaField' does not initialize its super class 'BaseField'.
WARNING: edge540: D:\Learning\Garmin\DataScreen\PureDataScreen\PureDataScreen\source\Fields\TotalAscentField.mc:7: Class 'TotalAscentField' does not initialize its super class 'BaseField'.
WARNING: edge540: D:\Learning\Garmin\DataScreen\PureDataScreen\PureDataScreen\source\Fields\TotalTimeField.mc:5: Class 'TotalTimeField' does not initialize its super class 'BaseField'.
BUILD SUCCESSFUL
